2026-05-12 20:01:59,166 - INFO - GA Line 3576 Def setup_live_view entered
2026-05-12 20:01:59,168 - INFO - GA Line 3458 Def setup_final_view entered
2026-05-12 20:01:59,169 - INFO - GA Line 3412 Def setup_result_view entered
2026-05-12 20:01:59,169 - INFO - GA Line 3504 Def setup_higscore_view entered
2026-05-12 20:01:59,169 - INFO - GA Line 3540 Def setup_driver_statistics_view entered
2026-05-12 20:01:59,169 - INFO - GA Line 3664 Def setup_driver_info_view entered
2026-05-12 20:01:59,981 - INFO - CM Line 108 All required fields are already present in the config file.
2026-05-12 20:01:59,982 - INFO - RA Line 4381 RaceApp __init__ called
2026-05-12 20:01:59,983 - INFO - GA Line 3249 Def on_tab_changed entered
2026-05-12 20:01:59,984 - INFO - GA Line 3288 Def update_background entered
2026-05-12 20:01:59,994 - INFO - GA Line 3288 Def update_background entered
2026-05-12 20:01:59,995 - INFO - GA Line 3249 Def on_tab_changed entered
2026-05-12 20:01:59,997 - INFO - GA Line 3288 Def update_background entered
2026-05-12 20:01:59,997 - INFO - GA Line 3288 Def update_background entered
2026-05-12 20:01:59,998 - INFO - RA Line 4469 Def tab_changed entered. Tab index: 1
2026-05-12 20:01:59,999 - INFO - RA Line 4469 Def tab_changed entered. Tab index: 1
2026-05-12 20:01:59,999 - INFO - MT Line 1757 IP address changed to 192.168.3.213
2026-05-12 20:02:00,388 - INFO - DB Line 218 Operation: get_latest_session_id Args: (<bound method MonitorThread.set_session_id of <__main__.MonitorThread object at 0x0000018AC76751C0>>,)
2026-05-12 20:02:00,389 - INFO - DB Line 666 DB  Date result: 2025-09-10
2026-05-12 20:02:00,390 - INFO - DB Line 667 DB Session ID result: 193
2026-05-12 20:02:00,390 - INFO - DB Line 670 Invoking callback with session_id
2026-05-12 20:02:00,390 - INFO - GA Line 1521 Def set_session_id entered. new.session_id: 193, dato: 2025-09-10
2026-05-12 20:02:00,392 - INFO - GA Line 1531 Session ID fetched: (193)
2026-05-12 20:02:00,392 - INFO - GA Line 2861 Initialize Dropdown def entered
2026-05-12 20:02:00,393 - INFO - GA Line 2867 Initialize Dropdown completed
2026-05-12 20:02:00,394 - INFO - RA Line 4445 Def update_ip_address entered with IP: 192.168.3.213
2026-05-12 20:02:00,395 - INFO - GA Line 2871 Update IP Address def entered
2026-05-12 20:02:00,416 - INFO - GA Line 1534 Date from DB: 2025-09-10
2026-05-12 20:02:00,417 - INFO - GA Line 1537 GA Session ID is not for today, setting to +1. Session ID: 194
2026-05-12 20:02:00,420 - INFO - DB Line 218 Operation: load_race_data_on_start Args: ()
2026-05-12 20:02:00,455 - INFO - RA Line 4500 Def Raceapp latest_session_id entered
2026-05-12 20:02:00,459 - INFO - RA Line 4507 Latest Session ID: 194
2026-05-12 20:02:00,460 - INFO - GA Line 2890 Update Session ID def entered with parameter: 194
2026-05-12 20:02:00,461 - INFO - RA Line 4500 Def Raceapp latest_session_id entered
2026-05-12 20:02:00,462 - INFO - RA Line 4507 Latest Session ID: 194
2026-05-12 20:02:00,462 - INFO - GA Line 2890 Update Session ID def entered with parameter: 194
2026-05-12 20:02:00,557 - INFO - DB Line 577 Load race data on start all Races: 
2026-05-12 20:02:00,590 - INFO - DB Line 584 Paticipants carNames and RaceID fetched.
2026-05-12 20:02:00,590 - INFO - DB Line 587 Load race on start signal emitted
2026-05-12 20:02:00,590 - INFO - DB Line 218 Operation: load_sessionid_on_start Args: ()
2026-05-12 20:02:00,590 - INFO - GA Line 2903 Def handle race data on start entered
2026-05-12 20:02:00,632 - INFO - DB Line 610 Load session id on start fetched from Races
2026-05-12 20:02:00,632 - INFO - DB Line 613 Session ID valid, emitting signal
2026-05-12 20:02:00,637 - INFO - DB Line 218 Operation: load_highscores_on_start Args: ()
2026-05-12 20:02:00,913 - INFO - RA Line 4451 RaceApp Def handle sessionid data entered
2026-05-12 20:02:00,913 - INFO - GA Line 3204 Def handle sessionid data entered
2026-05-12 20:02:00,921 - INFO - DB Line 531 High Scores fetched: 
2026-05-12 20:02:00,921 - INFO - DB Line 533 High Scores found, emitting signal
2026-05-12 20:02:00,921 - INFO - DB Line 218 Operation: load_driver_statistics_on_start Args: ()
2026-05-12 20:02:00,922 - INFO - DB Line 449 Load driver statistics on start
2026-05-12 20:02:00,922 - INFO - GA Line 2928 Def handle high scores data entered
2026-05-12 20:02:01,508 - INFO - GA Line 2969 update dropdowns def entered
2026-05-12 20:02:01,516 - INFO - GA Line 3008 Def handle driver statistics on start entered
2026-05-12 20:02:03,005 - ERROR - MT Line 1684MT: Connection Error: Check IP Address in Config.ini: - 
2026-05-12 20:02:03,006 - INFO - GA Line 3294 Error message triggered
2026-05-12 20:02:05,289 - INFO - GA Line 3249 Def on_tab_changed entered
2026-05-12 20:02:05,290 - INFO - GA Line 3288 Def update_background entered
2026-05-12 20:02:05,292 - INFO - GA Line 3288 Def update_background entered
2026-05-12 20:02:05,293 - INFO - RA Line 4469 Def tab_changed entered. Tab index: 5
2026-05-12 20:02:13,044 - ERROR - MT Line 1684MT: Connection Error: Check IP Address in Config.ini: - 
2026-05-12 20:02:13,045 - INFO - GA Line 3294 Error message triggered
2026-05-12 20:02:23,075 - ERROR - MT Line 1684MT: Connection Error: Check IP Address in Config.ini: - 
2026-05-12 20:02:23,076 - INFO - GA Line 3294 Error message triggered
2026-05-12 20:02:33,111 - ERROR - MT Line 1684MT: Connection Error: Check IP Address in Config.ini: - 
2026-05-12 20:02:33,111 - INFO - GA Line 3294 Error message triggered
2026-05-12 20:02:43,131 - ERROR - MT Line 1684MT: Connection Error: Check IP Address in Config.ini: - 
2026-05-12 20:02:43,131 - INFO - GA Line 3294 Error message triggered
2026-05-12 20:02:48,452 - INFO - Stopping DatabaseThread...
2026-05-12 20:02:48,452 - INFO - DB Line 218 Operation: stop Args: None
2026-05-12 20:02:48,470 - INFO - Stopping MonitorThread...
2026-05-12 20:02:50,148 - INFO - GA Line 4359 Application stopped successfully.
2026-05-12 20:02:50,267 - ERROR - Task was destroyed but it is pending!
task: <Task pending name='Task-2' coro=<MonitorThread.connection_monitor() running at C:\Users\DrmRacing\Documents\GitHub\AMS2_RaceScore\RaceMonitor_v1.6.0.py:1762> wait_for=<Future pending cb=[Task.task_wakeup()]>>
